[2026-08-19 18:02:53 +0000] [2425478] [INFO] Starting gunicorn 26.1.0
[2026-08-19 18:02:53 +0000] [2425478] [INFO] Listening at: http://0.0.0.0:4426 (2425478)
[2026-08-19 18:02:53 +0000] [2425478] [INFO] Using worker: sync
[2026-08-19 18:02:53 +0000] [2425482] [INFO] Booting worker with pid: 2425482
[2026-08-19 18:02:53 +0000] [2425483] [INFO] Booting worker with pid: 2425483
[2026-08-19 18:02:53 +0000] [2425478] [INFO] Control socket listening at /home/khaled/.gunicorn/gunicorn.ctl
[2026-08-19 18:25:26 +0000] [2432895] [INFO] Starting gunicorn 26.1.0
[2026-08-19 18:25:26 +0000] [2432895] [INFO] Listening at: http://0.0.0.0:4426 (2432895)
[2026-08-19 18:25:26 +0000] [2432895] [INFO] Using worker: sync
[2026-08-19 18:25:26 +0000] [2432899] [INFO] Booting worker with pid: 2432899
[2026-08-19 18:25:26 +0000] [2432900] [INFO] Booting worker with pid: 2432900
[2026-08-19 18:25:26 +0000] [2432895] [INFO] Control socket listening at /home/khaled/.gunicorn/gunicorn.ctl
[2026-08-19 18:25:40 +0000] [2433033] [INFO] Starting gunicorn 26.1.0
[2026-08-19 18:25:40 +0000] [2433033] [INFO] Listening at: http://0.0.0.0:4426 (2433033)
[2026-08-19 18:25:40 +0000] [2433033] [INFO] Using worker: sync
[2026-08-19 18:25:40 +0000] [2433037] [INFO] Booting worker with pid: 2433037
[2026-08-19 18:25:40 +0000] [2433038] [INFO] Booting worker with pid: 2433038
[2026-08-19 18:25:40 +0000] [2433033] [INFO] Control socket listening at /home/khaled/.gunicorn/gunicorn.ctl
[2026-08-19 18:25:43 +0000] [2433052] [INFO] Starting gunicorn 26.1.0
[2026-08-19 18:25:43 +0000] [2433052] [INFO] Listening at: http://0.0.0.0:4426 (2433052)
[2026-08-19 18:25:43 +0000] [2433052] [INFO] Using worker: sync
[2026-08-19 18:25:43 +0000] [2433056] [INFO] Booting worker with pid: 2433056
[2026-08-19 18:25:43 +0000] [2433057] [INFO] Booting worker with pid: 2433057
[2026-08-19 18:25:43 +0000] [2433052] [INFO] Control socket listening at /home/khaled/.gunicorn/gunicorn.ctl
[2026-08-19 18:33:19 +0000] [2437082] [INFO] Starting gunicorn 26.1.0
[2026-08-19 18:33:19 +0000] [2437082] [INFO] Listening at: http://0.0.0.0:4426 (2437082)
[2026-08-19 18:33:19 +0000] [2437082] [INFO] Using worker: sync
[2026-08-19 18:33:19 +0000] [2437086] [INFO] Booting worker with pid: 2437086
[2026-08-19 18:33:19 +0000] [2437087] [INFO] Booting worker with pid: 2437087
[2026-08-19 18:33:19 +0000] [2437082] [INFO] Control socket listening at /home/khaled/.gunicorn/gunicorn.ctl
